{
    "vcf_concordance_glimpse2": {
        "content": [
            {
                "0": [
                    
                ],
                "1": [
                    
                ],
                "stats": [
                    
                ],
                "versions": [
                    
                ]
            }
        ],
        "meta": {
            "nf-test": "0.8.4",
            "nextflow": "23.10.1"
        },
        "timestamp": "2024-03-26T10:07:33.413253799"
    }
}