{
    "Check test_stitch": {
        "content": [
            [
                "imputation/csv/impute.csv",
                "imputation/stats/all.stitch.bcftools_stats.txt",
                "imputation/stitch/concat/all.stitch.vcf.gz",
                "imputation/stitch/concat/all.stitch.vcf.gz.tbi"
            ],
            "VcfFile [chromosomes=[chr21, chr22], sampleCount=3, variantCount=1739, phased=false]",
            [
                "NA20359",
                "NA12878",
                "NA19401"
            ]
        ],
        "meta": {
            "nf-test": "0.8.4",
            "nextflow": "24.04.4"
        },
        "timestamp": "2024-10-16T18:34:01.018044731"
    },
    "Check test_all": {
        "content": [
            [
                "simulation/NA12878_depth_1x.bam",
                "simulation/NA12878_depth_1x.bam.csi",
                "simulation/NA19401_depth_1x.bam",
                "simulation/NA19401_depth_1x.bam.csi",
                "simulation/NA20359_depth_1x.bam",
                "simulation/NA20359_depth_1x.bam.csi",
                "simulation/csv/simulate.csv"
            ],
            [
                "imputation/csv/impute.csv",
                "imputation/glimpse1/concat/all.glimpse1.vcf.gz",
                "imputation/glimpse1/concat/all.glimpse1.vcf.gz.tbi",
                "imputation/glimpse2/concat/all.glimpse2.vcf.gz",
                "imputation/glimpse2/concat/all.glimpse2.vcf.gz.tbi",
                "imputation/quilt/concat/all.quilt.vcf.gz",
                "imputation/quilt/concat/all.quilt.vcf.gz.tbi",
                "imputation/stats/all.glimpse1.bcftools_stats.txt",
                "imputation/stats/all.glimpse2.bcftools_stats.txt",
                "imputation/stats/all.quilt.bcftools_stats.txt",
                "imputation/stats/all.stitch.bcftools_stats.txt",
                "imputation/stitch/concat/all.stitch.vcf.gz",
                "imputation/stitch/concat/all.stitch.vcf.gz.tbi"
            ],
            [
                "prep_panel/chunks/glimpse1/1000GP_chr21_chunks_glimpse1.txt",
                "prep_panel/chunks/glimpse1/1000GP_chr22_chunks_glimpse1.txt",
                "prep_panel/chunks/glimpse2/1000GP_chr21_chunks_glimpse2.txt",
                "prep_panel/chunks/glimpse2/1000GP_chr22_chunks_glimpse2.txt",
                "prep_panel/csv/chunks.csv",
                "prep_panel/csv/panel.csv",
                "prep_panel/csv/posfile.csv",
                "prep_panel/haplegend/1000GP_chr21.hap.gz",
                "prep_panel/haplegend/1000GP_chr21.legend.gz",
                "prep_panel/haplegend/1000GP_chr21.samples",
                "prep_panel/haplegend/1000GP_chr22.hap.gz",
                "prep_panel/haplegend/1000GP_chr22.legend.gz",
                "prep_panel/haplegend/1000GP_chr22.samples",
                "prep_panel/panel/1000GP_chr21_phased.vcf.gz",
                "prep_panel/panel/1000GP_chr21_phased.vcf.gz.csi",
                "prep_panel/panel/1000GP_chr22_phased.vcf.gz",
                "prep_panel/panel/1000GP_chr22_phased.vcf.gz.csi",
                "prep_panel/sites/1000GP_chr21_glimpse1_sites.vcf.gz",
                "prep_panel/sites/1000GP_chr21_glimpse1_sites.vcf.gz.tbi",
                "prep_panel/sites/1000GP_chr22_glimpse1_sites.vcf.gz",
                "prep_panel/sites/1000GP_chr22_glimpse1_sites.vcf.gz.tbi",
                "prep_panel/stats/1000GP.panel.bcftools_stats.txt"
            ],
            [
                "validation/TestQuality.txt",
                "validation/all_P1000GP_Tglimpse1_SNP.txt",
                "validation/all_P1000GP_Tglimpse2_SNP.txt",
                "validation/all_P1000GP_Tquilt_SNP.txt",
                "validation/all_P1000GP_Tstitch_SNP.txt",
                "validation/concat/all.A-truth.vcf.gz",
                "validation/concat/all.A-truth.vcf.gz.tbi",
                "validation/stats/all.truth.bcftools_stats.txt"
            ],
            "VcfFile [chromosomes=[chr21, chr22], sampleCount=3, variantCount=1739, phased=false]",
            "VcfFile [chromosomes=[chr21, chr22], sampleCount=3, variantCount=1739, phased=true]",
            "VcfFile [chromosomes=[chr21, chr22], sampleCount=3, variantCount=1739, phased=false]",
            "VcfFile [chromosomes=[chr21, chr22], sampleCount=3, variantCount=1739, phased=true]"
        ],
        "meta": {
            "nf-test": "0.8.4",
            "nextflow": "24.04.4"
        },
        "timestamp": "2024-10-16T18:55:45.230443459"
    },
    "Check test_validate": {
        "content": [
            [
                "validation/NA12878_SNP.txt",
                "validation/NA19401_SNP.txt",
                "validation/NA20359_SNP.txt",
                "validation/TestQuality.txt",
                "validation/stats/NA12878.truth.bcftools_stats.txt",
                "validation/stats/NA19401.truth.bcftools_stats.txt",
                "validation/stats/NA20359.truth.bcftools_stats.txt"
            ]
        ],
        "meta": {
            "nf-test": "0.8.4",
            "nextflow": "24.04.4"
        },
        "timestamp": "2024-10-12T21:03:11.947702591"
    },
    "Check test_quilt": {
        "content": [
            [
                "imputation/csv/impute.csv",
                "imputation/quilt/concat/all.quilt.vcf.gz",
                "imputation/quilt/concat/all.quilt.vcf.gz.tbi",
                "imputation/stats/all.quilt.bcftools_stats.txt"
            ],
            "VcfFile [chromosomes=[chr21, chr22], sampleCount=3, variantCount=1739, phased=true]",
            [
                "NA20359",
                "NA19401",
                "NA12878"
            ]
        ],
        "meta": {
            "nf-test": "0.8.4",
            "nextflow": "24.04.4"
        },
        "timestamp": "2024-10-16T18:48:12.894821899"
    },
    "Check test_sim": {
        "content": [
            [
                "simulation/NA12878_depth_1x.bam",
                "simulation/NA12878_depth_1x.bam.csi",
                "simulation/NA19401_depth_1x.bam",
                "simulation/NA19401_depth_1x.bam.csi",
                "simulation/NA20359_depth_1x.bam",
                "simulation/NA20359_depth_1x.bam.csi",
                "simulation/csv/simulate.csv"
            ]
        ],
        "meta": {
            "nf-test": "0.8.4",
            "nextflow": "23.10.1"
        },
        "timestamp": "2024-07-11T18:31:15.202789733"
    },
    "Check test_panelprep": {
        "content": [
            [
                "prep_panel/chunks/glimpse1/1000GP_chr21_chunks_glimpse1.txt",
                "prep_panel/chunks/glimpse1/1000GP_chr22_chunks_glimpse1.txt",
                "prep_panel/chunks/glimpse2/1000GP_chr21_chunks_glimpse2.txt",
                "prep_panel/chunks/glimpse2/1000GP_chr22_chunks_glimpse2.txt",
                "prep_panel/csv/chunks.csv",
                "prep_panel/csv/panel.csv",
                "prep_panel/csv/posfile.csv",
                "prep_panel/haplegend/1000GP_chr21.hap.gz",
                "prep_panel/haplegend/1000GP_chr21.legend.gz",
                "prep_panel/haplegend/1000GP_chr21.samples",
                "prep_panel/haplegend/1000GP_chr22.hap.gz",
                "prep_panel/haplegend/1000GP_chr22.legend.gz",
                "prep_panel/haplegend/1000GP_chr22.samples",
                "prep_panel/panel/1000GP_chr21_phased.vcf.gz",
                "prep_panel/panel/1000GP_chr21_phased.vcf.gz.csi",
                "prep_panel/panel/1000GP_chr22_phased.vcf.gz",
                "prep_panel/panel/1000GP_chr22_phased.vcf.gz.csi",
                "prep_panel/sites/1000GP_chr21_glimpse1_sites.vcf.gz",
                "prep_panel/sites/1000GP_chr21_glimpse1_sites.vcf.gz.tbi",
                "prep_panel/sites/1000GP_chr22_glimpse1_sites.vcf.gz",
                "prep_panel/sites/1000GP_chr22_glimpse1_sites.vcf.gz.tbi"
            ]
        ],
        "meta": {
            "nf-test": "0.8.4",
            "nextflow": "24.04.4"
        },
        "timestamp": "2024-10-14T19:19:50.07758554"
    },
    "Check test_glimpse2": {
        "content": [
            [
                "imputation/csv/impute.csv",
                "imputation/glimpse2/concat/all.glimpse2.vcf.gz",
                "imputation/glimpse2/concat/all.glimpse2.vcf.gz.tbi",
                "imputation/stats/all.glimpse2.bcftools_stats.txt"
            ],
            "VcfFile [chromosomes=[chr21, chr22], sampleCount=3, variantCount=1739, phased=true]",
            [
                "NA19401",
                "NA20359",
                "NA12878"
            ]
        ],
        "meta": {
            "nf-test": "0.8.4",
            "nextflow": "24.04.4"
        },
        "timestamp": "2024-10-16T18:46:55.752858863"
    },
    "Check test": {
        "content": [
            [
                "imputation/csv/impute.csv",
                "imputation/glimpse1/concat/all.glimpse1.vcf.gz",
                "imputation/glimpse1/concat/all.glimpse1.vcf.gz.tbi",
                "imputation/stats/all.glimpse1.bcftools_stats.txt"
            ],
            "VcfFile [chromosomes=[chr21, chr22], sampleCount=3, variantCount=1739, phased=false]",
            [
                "NA12878",
                "NA19401",
                "NA20359"
            ]
        ],
        "meta": {
            "nf-test": "0.8.4",
            "nextflow": "24.04.4"
        },
        "timestamp": "2024-10-16T18:20:46.362810198"
    },
    "Check test_dog": {
        "content": [
            [
                "prep_panel/chunks/glimpse1/658Dog_chr21_chunks_glimpse1.txt",
                "prep_panel/chunks/glimpse1/658Dog_chr22_chunks_glimpse1.txt",
                "prep_panel/chunks/glimpse2/658Dog_chr21_chunks_glimpse2.txt",
                "prep_panel/chunks/glimpse2/658Dog_chr22_chunks_glimpse2.txt",
                "prep_panel/csv/chunks.csv",
                "prep_panel/csv/panel.csv",
                "prep_panel/csv/posfile.csv",
                "prep_panel/haplegend/658Dog_chr21.hap.gz",
                "prep_panel/haplegend/658Dog_chr21.legend.gz",
                "prep_panel/haplegend/658Dog_chr21.samples",
                "prep_panel/haplegend/658Dog_chr22.hap.gz",
                "prep_panel/haplegend/658Dog_chr22.legend.gz",
                "prep_panel/haplegend/658Dog_chr22.samples",
                "prep_panel/panel/658Dog_chr21_phased.vcf.gz",
                "prep_panel/panel/658Dog_chr21_phased.vcf.gz.csi",
                "prep_panel/panel/658Dog_chr22_phased.vcf.gz",
                "prep_panel/panel/658Dog_chr22_phased.vcf.gz.csi",
                "prep_panel/sites/658Dog_chr21_glimpse1_sites.vcf.gz",
                "prep_panel/sites/658Dog_chr21_glimpse1_sites.vcf.gz.tbi",
                "prep_panel/sites/658Dog_chr22_glimpse1_sites.vcf.gz",
                "prep_panel/sites/658Dog_chr22_glimpse1_sites.vcf.gz.tbi"
            ]
        ],
        "meta": {
            "nf-test": "0.8.4",
            "nextflow": "24.04.4"
        },
        "timestamp": "2024-10-14T18:37:54.766818011"
    }
}